../Core/Src/FLASH.c:13:6:SLAVE_CS_ENABLE	8	static
../Core/Src/FLASH.c:18:6:SLAVE_CS_DISABLE	8	static
../Core/Src/FLASH.c:23:9:SPI_Byte_Write	32	static
../Core/Src/FLASH.c:30:6:SLAVE_Write_Enable	8	static
../Core/Src/FLASH.c:38:6:SLAVE_Write_Disable	8	static
../Core/Src/FLASH.c:48:6:SLAVE_Read_ID	16	static
../Core/Src/FLASH.c:66:9:SLAVE_Read_StatusReg1	16	static
../Core/Src/FLASH.c:76:9:SLAVE_Read_StatusReg2	16	static
../Core/Src/FLASH.c:86:6:SLAVE_Wait	16	static
../Core/Src/FLASH.c:100:6:SLAVE_Clear_StatusReg	8	static
../Core/Src/FLASH.c:110:6:SLAVE_Full_Erase	8	static
../Core/Src/FLASH.c:121:6:SLAVE_Erase_4K	16	static
../Core/Src/FLASH.c:138:6:SLAVE_Write_Data	32	static
../Core/Src/FLASH.c:161:6:SLAVE_Read_Data	40	static
