../Core/Src/LORA.c:20:6:RADIO_WRITE_REGISTERS	24	static
../Core/Src/LORA.c:36:6:RADIO_WRITE_REG	16	static
../Core/Src/LORA.c:40:6:RADIO_READ_REGISTERS	32	static
../Core/Src/LORA.c:55:9:RADIO_READ_REG	24	static
../Core/Src/LORA.c:61:6:RADIO_CHECK_DEVICE	16	static
../Core/Src/LORA.c:78:6:RADIO_CHECK_BUSY	16	static
../Core/Src/LORA.c:97:6:RADIO_RESET	8	static
../Core/Src/LORA.c:106:6:RADIO_SET_MODE	16	static
../Core/Src/LORA.c:119:6:RADIO_START	16	static
../Core/Src/LORA.c:130:6:RADIO_SETUP_LORA	32	static
../Core/Src/LORA.c:152:6:RADIO_SET_REGULATOR_MODE	16	static
../Core/Src/LORA.c:157:6:RADIO_WRITE_COMMAND	16	static
../Core/Src/LORA.c:166:6:RADIO_SET_PA_CONFIG	24	static
../Core/Src/LORA.c:203:6:RADIO_SET_DIO3_TCX0_CTRL	24	static
../Core/Src/LORA.c:214:6:RADIO_CALIBRATE_DEVICE	16	static
../Core/Src/LORA.c:220:6:RADIO_SET_DIO2_RFSWITCH_CTRL	16	static
../Core/Src/LORA.c:225:6:RADIO_CALIBRATE_IMAGE	24	static
../Core/Src/LORA.c:257:6:RADIO_SET_PACKET_TYPE	16	static
../Core/Src/LORA.c:263:6:RADIO_SET_RF_FREQUENCY	24	static
../Core/Src/LORA.c:276:6:RADIO_SET_MODULATION_PARAMS	32	static
../Core/Src/LORA.c:293:9:RADIO_RETURN_OPTIMISATION	24	static
../Core/Src/LORA.c:309:10:RADIO_RETURN_BANDWIDTH	16	static
../Core/Src/LORA.c:349:7:RADIO_CALC_SYMBOL_TIME	32	static
../Core/Src/LORA.c:357:6:RADIO_SET_BUFFER_BASE_ADDRESS	24	static
../Core/Src/LORA.c:366:6:RADIO_SET_PACKET_PARAMS	40	static
../Core/Src/LORA.c:384:6:RADIO_SET_DIOIrq_PARAMS	32	static
../Core/Src/LORA.c:400:6:RADIO_SET_HIGH_SENSITIVITY	8	static
../Core/Src/LORA.c:404:6:RADIO_SET_SYNC_WORD	16	static
../Core/Src/LORA.c:410:9:RADIO_RECEIVE	48	static
../Core/Src/LORA.c:452:6:RADIO_SET_RX	24	static
../Core/Src/LORA.c:463:6:RADIO_CLEAR_IRQ_STATUS	24	static
../Core/Src/LORA.c:471:10:RADIO_READ_IRQ_STATUS	16	static
../Core/Src/LORA.c:479:6:RADIO_READ_COMMAND	32	static
../Core/Src/LORA.c:490:9:RADIO_TRANSMIT	32	static
../Core/Src/LORA.c:524:6:RADIO_SET_TX	24	static
../Core/Src/LORA.c:547:6:RADIO_SET_TX_PARAMS	24	static
