../Drivers/CMSIS/Include/core_cm7.h:2229:22:SCB_EnableICache	4	static,ignoring_inline_asm
../Drivers/CMSIS/Include/core_cm7.h:2281:22:SCB_EnableDCache	24	static,ignoring_inline_asm
../Core/Src/main.c:484:1:__io_putchar	16	static
../Core/Src/main.c:494:7:map	32	static
../Core/Src/main.c:499:6:IR_TEMPERATURE	24	static
../Core/Src/main.c:511:6:AMB_TEMPERATURE	24	static
../Core/Src/main.c:523:6:LHS_TEMPERATURE	24	static
../Core/Src/main.c:535:6:RHS_TEMPERATURE	24	static
../Core/Src/main.c:548:6:SEND_ACK	216	static
../Core/Src/main.c:568:6:SEND_NACK	216	static
../Core/Src/main.c:587:6:HAL_UART_RxCpltCallback	16	static
../Core/Src/main.c:622:5:main	1192	static,ignoring_inline_asm
../Core/Src/main.c:977:6:SystemClock_Config	88	static
../Core/Src/main.c:1030:13:MX_ADC1_Init	24	static
../Core/Src/main.c:1082:13:MX_ADC2_Init	24	static
../Core/Src/main.c:1134:13:MX_ADC3_Init	8	static
../Core/Src/main.c:1216:13:MX_CRC_Init	8	static
../Core/Src/main.c:1250:13:MX_I2C1_Init	8	static
../Core/Src/main.c:1298:13:MX_I2C2_Init	8	static
../Core/Src/main.c:1346:13:MX_IWDG_Init	8	static
../Core/Src/main.c:1375:13:MX_RTC_Init	32	static
../Core/Src/main.c:1438:13:MX_SPI1_Init	8	static
../Core/Src/main.c:1478:13:MX_SPI3_Init	8	static
../Core/Src/main.c:1518:13:MX_SPI4_Init	8	static
../Core/Src/main.c:1558:13:MX_TIM4_Init	40	static
../Core/Src/main.c:1603:13:MX_UART4_Init	8	static
../Core/Src/main.c:1639:13:MX_UART5_Init	8	static
../Core/Src/main.c:1674:13:MX_USART1_UART_Init	8	static
../Core/Src/main.c:1709:13:MX_USART3_UART_Init	8	static
../Core/Src/main.c:1744:13:MX_USART6_UART_Init	8	static
../Core/Src/main.c:1777:13:MX_DMA_Init	16	static
../Core/Src/main.c:1805:13:MX_GPIO_Init	64	static
../Core/Src/main.c:1898:6:StartDefaultTask	400	static
../Core/Src/main.c:2070:6:Start_LORA_RECEIVE	744	static
../Core/Src/main.c:2622:6:Start_LORA_SEND	248	static
../Core/Src/main.c:2656:6:Start_MAS_SEND_SLAVE	376	static
../Core/Src/main.c:3036:6:Start_SLAVE_REC_MAS	280	static
../Core/Src/main.c:3211:6:Start_SDA_SEND	48	static
../Core/Src/main.c:3243:6:Start_SDA_RECEIVE	120	static
../Core/Src/main.c:3308:6:Start_SYSTEM_PROCESS	192	static
../Core/Src/main.c:3518:6:Start_DATA_PROCESS	336	static
../Core/Src/main.c:4026:6:Start_RCU_RECEIVE	752	static
../Core/Src/main.c:4571:6:Start_WIFI_RECEIVE	144	static
../Core/Src/main.c:4622:6:Start_CURRENT_TASK	120	static
../Core/Src/main.c:4762:6:Start_PID_TASK	496	static
../Core/Src/main.c:4921:6:Start_VOLTAGE_TASK	88	static
../Core/Src/main.c:4973:6:Start_WHOLE_CURRENT	848	static
../Core/Src/main.c:5031:6:Start_ADC_TASK	304	static
../Core/Src/main.c:5225:6:Start_FLASH_WRITE	464	static
../Core/Src/main.c:5371:6:Start_POWER_ON_TEST	32	static
../Core/Src/main.c:5427:6:Start_LCD_TASK	104	static
../Core/Src/main.c:5548:6:Start_DATA_LOGGING	584	static
../Core/Src/main.c:6214:6:Start_CURRENT_PROCESS	26136	static
../Core/Src/main.c:6391:6:Start_PID_REGULATION	72	static
../Core/Src/main.c:6484:6:Start_DATA_LOG_FLASH	120	static
../Core/Src/main.c:6543:6:Start_FLASH_READ	728	static
../Core/Src/main.c:6746:6:Start_WIFI_SEND	128	static
../Core/Src/main.c:6803:6:Start_PROFILE_START	96	static
../Core/Src/main.c:6887:6:TCU_SDA_TIMER_CALL	16	static
../Core/Src/main.c:6897:6:Callback02	16	static
../Core/Src/main.c:6912:6:HAL_TIM_PeriodElapsedCallback	16	static
../Core/Src/main.c:6929:6:Error_Handler	4	static,ignoring_inline_asm
