../Core/Src/stm32f7xx_it.c:90:6:NMI_Handler	4	static
../Core/Src/stm32f7xx_it.c:105:6:HardFault_Handler	8	static
../Core/Src/stm32f7xx_it.c:136:6:MemManage_Handler	4	static
../Core/Src/stm32f7xx_it.c:151:6:BusFault_Handler	4	static
../Core/Src/stm32f7xx_it.c:166:6:UsageFault_Handler	4	static
../Core/Src/stm32f7xx_it.c:181:6:DebugMon_Handler	4	static
../Core/Src/stm32f7xx_it.c:201:6:DMA1_Stream0_IRQHandler	8	static
../Core/Src/stm32f7xx_it.c:215:6:DMA1_Stream2_IRQHandler	8	static
../Core/Src/stm32f7xx_it.c:229:6:USART1_IRQHandler	8	static
../Core/Src/stm32f7xx_it.c:252:6:UART4_IRQHandler	8	static
../Core/Src/stm32f7xx_it.c:274:6:UART5_IRQHandler	8	static
../Core/Src/stm32f7xx_it.c:297:6:TIM7_IRQHandler	8	static
../Core/Src/stm32f7xx_it.c:311:6:DMA2_Stream1_IRQHandler	8	static
../Core/Src/stm32f7xx_it.c:325:6:DMA2_Stream2_IRQHandler	8	static
../Core/Src/stm32f7xx_it.c:339:6:USART6_IRQHandler	8	static
